../Core/Src/main.c:91:5:main	48	static,ignoring_inline_asm
../Core/Src/main.c:192:6:SystemClock_Config	88	static
../Core/Src/main.c:240:13:MX_RTC_Init	8	static
../Core/Src/main.c:275:13:MX_USART2_UART_Init	8	static
../Core/Src/main.c:308:13:MX_GPIO_Init	48	static
../Core/Src/main.c:344:6:HAL_UART_RxCpltCallback	32	static
../Core/Src/main.c:373:6:StartDefaultTask	16	static
../Core/Src/main.c:392:6:HAL_TIM_PeriodElapsedCallback	16	static
../Core/Src/main.c:410:6:Error_Handler	4	static,ignoring_inline_asm
