../Core/Src/main.c:96:5:main	56	static,ignoring_inline_asm
../Core/Src/main.c:202:6:SystemClock_Config	88	static
../Core/Src/main.c:250:13:MX_RTC_Init	8	static
../Core/Src/main.c:285:13:MX_USART2_UART_Init	8	static
../Core/Src/main.c:318:13:MX_GPIO_Init	48	static
../Core/Src/main.c:364:6:HAL_UART_RxCpltCallback	32	static
../Core/Src/main.c:383:6:led_effect_callback	24	static
../Core/Src/main.c:421:6:StartDefaultTask	16	static
../Core/Src/main.c:440:6:HAL_TIM_PeriodElapsedCallback	16	static
../Core/Src/main.c:458:6:Error_Handler	4	static,ignoring_inline_asm
